// Jest Snapshot v1, https://goo.gl/fbAQLP

exports[`Hux Alert Hux alert displays custom properties 1`] = `
<v-snackbar-stub color="white rounded-0" elevation="3" height="56" tag="div" top="true" app="true" contentclass="" timeout="5000" transition="v-snack-transition" type="success"><span><div class="d-flex align-center success--text"><v-icon-stub outlined="" color="success" size="18" class="icon-position">
        mdi-check-circle
      </v-icon-stub> <span class="px-3 font-weight-bold text-h5">
        YAY!
      </span> <span class="text-h5">This is a success message!</span></div></span></v-snackbar-stub>
`;
