// Jest Snapshot v1, https://goo.gl/fbAQLP

exports[`Listing of models Models store successfully filled 1`] = `
<div>
  <page-header-stub bgcolor="white" headerpadding="px-8" headerheightchanges="py-5"><template></template></page-header-stub>
  true
  false
  <v-progress-linear-stub color="primary" value="0" buffervalue="100" height="4" active="true" indeterminate="true"></v-progress-linear-stub>
  <!---->
</div>
`;
