// Jest Snapshot v1, https://goo.gl/fbAQLP

exports[`Listing of models Models store successfully filled 1`] = `
<div>
  <page-header-stub bgcolor="white" headerheight="72" headerpadding="px-8" headerheightchanges="py-5" data-e2e="models-header"><template></template></page-header-stub>
  <v-progress-linear-stub color="primary" value="0" buffervalue="100" height="4"></v-progress-linear-stub>
  <v-row-stub tag="div" data-e2e="models-list" class="pa-14">
    <descriptive-card-stub icon="model-ltv" title="Lifetime Value" description="Predict the lifetime value of a customer." type="Models" data-e2e="model-item" class="mr-10"><template></template> <template></template></descriptive-card-stub>
    <descriptive-card-stub icon="model-purchase" title="Propensity to Purchase" description="Propensity of a customer making a purchase after receiving an email." type="Models" disabled="true" data-e2e="model-item" class="mr-10"><template></template> <template></template></descriptive-card-stub>
    <descriptive-card-stub icon="model-unsubscribe" title="Propensity to Unsubscribe" description="Predicts the propensity of a customer to unsubscribe from an email list." type="Models" data-e2e="model-item" class="mr-10"><template></template> <template></template></descriptive-card-stub>
  </v-row-stub>
</div>
`;
