// Jest Snapshot v1, https://goo.gl/fbAQLP

exports[`Cards Card Stat Displays with custom properties 1`] = `
<div class="v-menu">
  <div class="px-4 border-start separator">
    <div class="text-h4 black--text">2 hrs ago</div>
    <div class="black--text text--lighten-4">Last trained</div>
  </div>
  <!---->
</div>
`;
